╭────────────────────────────────────────────────────────────────────────────╮
│                                                                            │
│  Keyboard Shortcuts                                                        │
│                                                                            │
│  ←/h           Move to left column                                         │
│  →/l           Move to right column                                        │
│  tab           Next column; in detail, next relation (shift+tab reverses)  │
│  ↓/j           Move cursor down                                            │
│  ↑/k           Move cursor up                                              │
│  enter         Board: show detail; details: open focused relation          │
│  c             Create new task in column                                   │
│  e             Edit selected task (same flow as create)                    │
│  E             Open selected task in $VISUAL, $EDITOR, or vi               │
│  m             Move task (status picker)                                   │
│  n             Move task to next status                                    │
│  p             Move task to previous status                                │
│  +/=           Raise task priority                                         │
│  -/_           Lower task priority                                         │
│  d             Delete task                                                 │
│  s             Cycle sort field (priority/created/updated/title)           │
│  S             Reverse sort direction                                      │
│  /             Title/tag search; #12 ID prefix, #12 + space exact          │
│  v             Cycle exact hierarchy levels in board mode                  │
│  r             Refresh board                                               │
│  ?             Show this help                                              │
│  esc/q         Quit; in detail, esc/backspace back, q returns to board     │
│  ctrl+c        Force quit                                                  │
│                                                                            │
│  Press any key to close                                                    │
│                                                                            │
╰────────────────────────────────────────────────────────────────────────────╯