 backlog (1)     todo (0)        in-progress...  review (0)      done (1)       
╭──────────────╮  (empty)         (empty)         (empty)       ╭──────────────╮
│ #2 L1 Bac... │                                                │ #3 L1 Done   │
│ child        │                                                │ child        │
│ low          │                                                │ medium       │
╰──────────────╯                                                ╰──────────────╯
                                                                                
                                                                                
                                                                                
                                                                                
                                                                                
                                                                                
                                                                                
                                                                                
                                                                                
                                                                                
                                                                                
                                                                                
                                                                                
                                                                                
                                                                                
                                                                                
                                                                                
 2 cards | level[1] | ? help | create edit move +/- priority delete sort[prio...