 backlog (2)             todo (0)                in-progress (0)         review (0)              done (0)               
╭──────────────────────╮  (empty)                 (empty)                 (empty)                 (empty)               
│ #1 L? Task A         │                                                                                                
│ high                 │                                                                                                
╰──────────────────────╯                                                                                                
╭──────────────────────╮                                                                                                
│ #2 L? Task B         │                                                                                                
│ medium               │                                                                                                
╰──────────────────────╯                                                                                                
                                                                                                                        
                                                                                                                        
                                                                                                                        
                                                                                                                        
                                                                                                                        
                                                                                                                        
                                                                                                                        
                                                                                                                        
                                                                                                                        
                                                                                                                        
                                                                                                                        
                                                                                                                        
                                                                                                                        
                                                                                                                        
                                                                                                                        
                                                                                                                        
                                                                                                                        
                                                                                                                        
                                                                                                                        
                                                                                                                        
                                                                                                                        
                                                                                                                        
                                                                                                                        
                                                                                                                        
                                                                                                                        
                                                                                                                        
                                                                                                                        
                                                                                                                        
                                                                                                                        
                                                                                                                        
 2 cards | level[?] | ? help | create edit move +/- priority delete sort[priority↓] / search quit                       